// Jest Snapshot v1, https://goo.gl/fbAQLP

exports[`SiteHeader renders correctly 1`] = `
<section
  className="main hero "
>
  <div
    className="hero-body"
  >
    <div
      className="container has-text-centered"
    >
      <img
        alt="logo"
        src="test-file-stub"
      />
      <h1
        className="title"
      >
        graphql.explore-tech.org
      </h1>
      <h2
        className="description"
      >
        An open source project to help developers learn, develop & explore.
      </h2>
      <a
        className="button is-medium add-action contribute"
        href="https://github.com/boyney123/graphql.explore-tech.org/blob/master/CONTRIBUTING.md#adding-a-material-to-the-website"
        rel="noopener noreferrer"
        target="_blank"
      >
        <i
          className="fab fa-github"
        />
        Add Resource
      </a>
      <a
        className="button is-medium add-action twitter"
        href="https://twitter.com/intent/tweet?text=An%20open%20source%20project%20that%20lists%20resources%20to%20help%20developers%20explore%20GraphQL%20%F0%9F%91%8D.%0A%0A%20https%3A%2F%2Fgraphql.explore-tech.org"
        rel="noopener noreferrer"
        target="_blank"
      >
        <i
          className="fab fa-twitter"
        />
        Share with others
      </a>
      <p
        className="mt20"
      >
        We have 
        1
         resource's for you to explore...
      </p>
    </div>
  </div>
</section>
`;
